Archive member included to satisfy reference by file (symbol)

/usr/lib/gcc-cross/powerpc-linux-gnu/5/libgcc.a(_lshrdi3.o)
                              drivers/mtd/nand/built-in.o (__lshrdi3)
/usr/lib/gcc-cross/powerpc-linux-gnu/5/libgcc.a(_ashldi3.o)
                              drivers/mtd/nand/built-in.o (__ashldi3)
/usr/lib/gcc-cross/powerpc-linux-gnu/5/libgcc.a(_ashrdi3.o)
                              drivers/mtd/nand/built-in.o (__ashrdi3)
/usr/lib/gcc-cross/powerpc-linux-gnu/5/libgcc.a(crtresxgpr.o)
                              common/built-in.o (_restgpr_14_x)

Allocating common symbols
Common symbol       size              file

console_buffer      0x101             common/built-in.o
NetArpWaitTry       0x4               net/built-in.o
NetArpWaitPacketMAC
                    0x4               net/built-in.o
flash_info          0x540             drivers/mtd/built-in.o
bootp_ids           0x10              net/built-in.o
NetOurEther         0x6               net/built-in.o
bootp_start         0x4               net/built-in.o
NetOurIP            0x4               net/built-in.o
NetPingIP           0x4               net/built-in.o
NetServerIP         0x4               net/built-in.o
monitor_flash_len   0x4               common/built-in.o
save_addr           0x4               common/built-in.o
___strtok           0x4               lib/built-in.o
NetArpWaitTxPacketSize
                    0x4               net/built-in.o
NetRxPackets        0x10              net/built-in.o
bootp_timeout       0x4               net/built-in.o
bootp_num_ids       0x4               net/built-in.o
NetArpWaitPacketIP  0x4               net/built-in.o
BootpTry            0x4               net/built-in.o
nand_info           0xc8              drivers/mtd/nand/built-in.o
BootFile            0x80              net/built-in.o
eth_current         0x4               net/built-in.o
env_ptr             0x4               common/built-in.o
NetServerEther      0x6               net/built-in.o
NetOurSubnetMask    0x4               net/built-in.o
NetBootFileSize     0x2               net/built-in.o
net_busy_flag       0x4               net/built-in.o
NetIPID             0x4               net/built-in.o
NetRxPacket         0x4               net/built-in.o
mtd_table           0x80              drivers/mtd/built-in.o
net_state           0x4               net/built-in.o
images              0x130             common/built-in.o
NetOurGatewayIP     0x4               net/built-in.o
NetEtherNullAddr    0x6               net/built-in.o
working_fdt         0x4               common/built-in.o
do_fat_read_at_block
                    0x10000           fs/built-in.o
NetRestartWrap      0x4               net/built-in.o
save_size           0x4               common/built-in.o
NetTxPacket         0x4               net/built-in.o
get_dentfromdir_block
                    0x10000           fs/built-in.o
NetBootFileXferSize
                    0x4               net/built-in.o
NetOurDNSIP         0x4               net/built-in.o
NetRxPacketLen      0x4               net/built-in.o
get_contents_vfatname_block
                    0x10000           fs/built-in.o
NetArpWaitTimerStart
                    0x4               net/built-in.o

Discarded input sections

 .data          0x0000000000000000        0x0 arch/powerpc/cpu/mpc512x/start.o
 .bss           0x0000000000000000        0x0 arch/powerpc/cpu/mpc512x/start.o
 .text          0x0000000000000000        0x0 arch/powerpc/cpu/mpc512x/built-in.o
 .text.SoftEmuException
                0x0000000000000000       0x38 arch/powerpc/cpu/mpc512x/built-in.o
 .text.iopin_initialize_bits
                0x0000000000000000      0x100 arch/powerpc/cpu/mpc512x/built-in.o
 .text.serial_putc_raw_dev
                0x0000000000000000       0x38 arch/powerpc/cpu/mpc512x/built-in.o
 .text.serial_setrts_dev
                0x0000000000000000       0x2c arch/powerpc/cpu/mpc512x/built-in.o
 .text.serial_getcts_dev
                0x0000000000000000       0x28 arch/powerpc/cpu/mpc512x/built-in.o
 .text.open_port
                0x0000000000000000       0xe4 arch/powerpc/cpu/mpc512x/built-in.o
 .text.close_port
                0x0000000000000000       0x90 arch/powerpc/cpu/mpc512x/built-in.o
 .text.write_port
                0x0000000000000000       0x50 arch/powerpc/cpu/mpc512x/built-in.o
 .text.read_port
                0x0000000000000000       0x80 arch/powerpc/cpu/mpc512x/built-in.o
 .text.get_bus_freq
                0x0000000000000000        0x8 arch/powerpc/cpu/mpc512x/built-in.o
 .bss           0x0000000000000000        0x0 arch/powerpc/cpu/mpc512x/built-in.o
 .bss.initialized
                0x0000000000000000        0x4 arch/powerpc/cpu/mpc512x/built-in.o
 .text.ticks2usec
                0x0000000000000000       0x3c arch/powerpc/lib/built-in.o
 .data          0x0000000000000000        0x0 arch/powerpc/lib/built-in.o
 .bss           0x0000000000000000        0x0 arch/powerpc/lib/built-in.o
[...]
Memory Configuration

Name             Origin             Length             Attributes
*default*        0x0000000000000000 0xffffffffffffffff

Linker script and memory map

Address of section .text set to 0xfff00000

.text           0x00000000fff00000    0x3fc50
 arch/powerpc/cpu/mpc512x/start.o(.text*)
 .text          0x00000000fff00000     0x35cc arch/powerpc/cpu/mpc512x/start.o
                0x00000000fff00004                version_string
                0x00000000fff00100                _start
                0x00000000fff00104                _start_of_vectors
                0x00000000fff014a4                _end_of_vectors
                0x00000000fff030a4                transfer_to_handler
                0x00000000fff03290                icache_enable
                0x00000000fff032bc                icache_disable
                0x00000000fff032e4                icache_status
                0x00000000fff032f0                dcache_enable
                0x00000000fff03318                dcache_disable
                0x00000000fff03340                dcache_status
                0x00000000fff0334c                get_pvr
                0x00000000fff03354                relocate_code
                0x00000000fff034fc                trap_init
 *(.text*)
 .text.checkcpu
                0x00000000fff035cc       0xdc arch/powerpc/cpu/mpc512x/built-in.o
                0x00000000fff035cc                checkcpu
 .text.do_reset
                0x00000000fff036a8       0x9c arch/powerpc/cpu/mpc512x/built-in.o
                0x00000000fff036a8                do_reset
 .text.get_tbclk
                0x00000000fff03744       0x10 arch/powerpc/cpu/mpc512x/built-in.o
                0x00000000fff03744                get_tbclk
 .text.ft_cpu_setup
                0x00000000fff03754       0xb8 arch/powerpc/cpu/mpc512x/built-in.o
                0x00000000fff03754                ft_cpu_setup
 .text.cpu_eth_init
                0x00000000fff0380c       0x2c arch/powerpc/cpu/mpc512x/built-in.o
                0x00000000fff0380c                cpu_eth_init
 .text.print_backtrace
                0x00000000fff03838       0xa8 arch/powerpc/cpu/mpc512x/built-in.o
 .text.show_regs
                0x00000000fff038e0       0xc4 arch/powerpc/cpu/mpc512x/built-in.o
                0x00000000fff038e0                show_regs
 .text.MachineCheckException
                0x00000000fff039a4       0xec arch/powerpc/cpu/mpc512x/built-in.o
                0x00000000fff039a4                MachineCheckException
 .text.AlignmentException
                0x00000000fff03a90       0x38 arch/powerpc/cpu/mpc512x/built-in.o
                0x00000000fff03a90                AlignmentException
 .text.ProgramCheckException
                0x00000000fff03ac8       0x38 arch/powerpc/cpu/mpc512x/built-in.o
                0x00000000fff03ac8                ProgramCheckException
 .text.UnknownException
                0x00000000fff03b00       0x58 arch/powerpc/cpu/mpc512x/built-in.o
                0x00000000fff03b00                UnknownException
 .text.DebugException
                0x00000000fff03b58       0x40 arch/powerpc/cpu/mpc512x/built-in.o
                0x00000000fff03b58                DebugException
 .text.cpu_init_f
                0x00000000fff03b98      0x150 arch/powerpc/cpu/mpc512x/built-in.o
                0x00000000fff03b98                cpu_init_f
 .text.cpu_init_r
                0x00000000fff03ce8        0x8 arch/powerpc/cpu/mpc512x/built-in.o
                0x00000000fff03ce8                cpu_init_r
 .text.fixed_sdram
                0x00000000fff03cf0      0x30c arch/powerpc/cpu/mpc512x/built-in.o
                0x00000000fff03cf0                fixed_sdram
 .text.mpc_reg_in
                0x00000000fff03ffc       0x18 arch/powerpc/cpu/mpc512x/built-in.o
 .text.mpc_reg_out.part.0
                0x00000000fff04014       0x30 arch/powerpc/cpu/mpc512x/built-in.o
 .text.wait_for_pin
                0x00000000fff04044       0xa4 arch/powerpc/cpu/mpc512x/built-in.o
 .text.do_address
                0x00000000fff040e8       0x9c arch/powerpc/cpu/mpc512x/built-in.o
 .text.wait_for_bb
                0x00000000fff04184       0xc8 arch/powerpc/cpu/mpc512x/built-in.o
 .text.send_bytes.isra.1
                0x00000000fff0424c       0x94 arch/powerpc/cpu/mpc512x/built-in.o
 .text.i2c_init
                0x00000000fff042e0      0x194 arch/powerpc/cpu/mpc512x/built-in.o
                0x00000000fff042e0                i2c_init
 .text.i2c_probe
                0x00000000fff04474       0xac arch/powerpc/cpu/mpc512x/built-in.o
                0x00000000fff04474                i2c_probe
 .text.i2c_read
                0x00000000fff04520      0x1dc arch/powerpc/cpu/mpc512x/built-in.o
                0x00000000fff04520                i2c_read
 .text.i2c_write
                0x00000000fff046fc      0x104 arch/powerpc/cpu/mpc512x/built-in.o
                0x00000000fff046fc                i2c_write
 .text.i2c_set_bus_num
                0x00000000fff04800       0x48 arch/powerpc/cpu/mpc512x/built-in.o
                0x00000000fff04800                i2c_set_bus_num
 .text.i2c_get_bus_num
                0x00000000fff04848       0x34 arch/powerpc/cpu/mpc512x/built-in.o
                0x00000000fff04848                i2c_get_bus_num
 .text.interrupt_init_cpu
                0x00000000fff0487c       0x40 arch/powerpc/cpu/mpc512x/built-in.o
                0x00000000fff0487c                interrupt_init_cpu
 .text.irq_install_handler
                0x00000000fff048bc        0x4 arch/powerpc/cpu/mpc512x/built-in.o
                0x00000000fff048bc                irq_install_handler
 .text.irq_free_handler
                0x00000000fff048c0        0x4 arch/powerpc/cpu/mpc512x/built-in.o
                0x00000000fff048c0                irq_free_handler
 .text.timer_interrupt_cpu
                0x00000000fff048c4        0x4 arch/powerpc/cpu/mpc512x/built-in.o
                0x00000000fff048c4                timer_interrupt_cpu
 .text.iopin_initialize
                0x00000000fff048c8       0x9c arch/powerpc/cpu/mpc512x/built-in.o
                0x00000000fff048c8                iopin_initialize
 .text.serial_setbrg_dev
                0x00000000fff04964       0xa8 arch/powerpc/cpu/mpc512x/built-in.o
                0x00000000fff04964                serial_setbrg_dev
 .text.serial3_setbrg
                0x00000000fff04a0c       0x30 arch/powerpc/cpu/mpc512x/built-in.o
                0x00000000fff04a0c                serial3_setbrg
 .text.serial_init_dev
                0x00000000fff04a3c      0x280 arch/powerpc/cpu/mpc512x/built-in.o
                0x00000000fff04a3c                serial_init_dev
 .text.serial3_init
                0x00000000fff04cbc       0x30 arch/powerpc/cpu/mpc512x/built-in.o
                0x00000000fff04cbc                serial3_init
 .text.serial_uninit_dev
                0x00000000fff04cec       0x4c arch/powerpc/cpu/mpc512x/built-in.o
                0x00000000fff04cec                serial_uninit_dev
 .text.serial3_uninit
                0x00000000fff04d38       0x30 arch/powerpc/cpu/mpc512x/built-in.o
                0x00000000fff04d38                serial3_uninit
 .text.serial_putc_dev
                0x00000000fff04d68       0x74 arch/powerpc/cpu/mpc512x/built-in.o
                0x00000000fff04d68                serial_putc_dev
 .text.serial3_putc
                0x00000000fff04ddc       0x34 arch/powerpc/cpu/mpc512x/built-in.o
                0x00000000fff04ddc                serial3_putc
 .text.serial_puts_dev
                0x00000000fff04e10       0x48 arch/powerpc/cpu/mpc512x/built-in.o
                0x00000000fff04e10                serial_puts_dev
 .text.serial3_puts
                0x00000000fff04e58       0x34 arch/powerpc/cpu/mpc512x/built-in.o
                0x00000000fff04e58                serial3_puts
 .text.serial_getc_dev
                0x00000000fff04e8c       0x48 arch/powerpc/cpu/mpc512x/built-in.o
                0x00000000fff04e8c                serial_getc_dev
 .text.serial3_getc
                0x00000000fff04ed4       0x30 arch/powerpc/cpu/mpc512x/built-in.o
                0x00000000fff04ed4                serial3_getc
 .text.serial_tstc_dev
                0x00000000fff04f04       0x28 arch/powerpc/cpu/mpc512x/built-in.o
                0x00000000fff04f04                serial_tstc_dev
 .text.serial3_tstc
                0x00000000fff04f2c       0x30 arch/powerpc/cpu/mpc512x/built-in.o
                0x00000000fff04f2c                serial3_tstc
 .text.default_serial_console
                0x00000000fff04f5c       0x30 arch/powerpc/cpu/mpc512x/built-in.o
                0x00000000fff04f5c                default_serial_console
 .text.mpc512x_serial_initialize
                0x00000000fff04f8c       0x30 arch/powerpc/cpu/mpc512x/built-in.o
                0x00000000fff04f8c                mpc512x_serial_initialize
 .text.do_clocks
                0x00000000fff04fbc       0xb4 arch/powerpc/cpu/mpc512x/built-in.o
                0x00000000fff04fbc                do_clocks
 .text.get_clocks
                0x00000000fff05070      0x148 arch/powerpc/cpu/mpc512x/built-in.o
                0x00000000fff05070                get_clocks
 .text          0x00000000fff051b8      0x348 arch/powerpc/lib/built-in.o
                0x00000000fff051b8                strcpy
                0x00000000fff051d4                strncpy
                0x00000000fff051fc                strcat
                0x00000000fff05228                strcmp
                0x00000000fff0524c                strlen
                0x00000000fff05264                memset
                0x00000000fff052c0                bcopy
                0x00000000fff052d0                memmove
                0x00000000fff052d8                __memcpy
                0x00000000fff05374                backwards_memcpy
                0x00000000fff053fc                memcmp
                0x00000000fff0542c                memchr
                0x00000000fff05454                ppcDcbf
                0x00000000fff0545c                ppcDcbi
                0x00000000fff05464                ppcDcbz
                0x00000000fff0546c                ppcSync
                0x00000000fff05474                get_ticks
                0x00000000fff0548c                wait_ticks
                0x00000000fff054d8                trap_reloc
 .text.boot_bd_t_linux
                0x00000000fff05500       0x98 arch/powerpc/lib/built-in.o
 .text.arch_lmb_reserve
                0x00000000fff05598       0xa4 arch/powerpc/lib/built-in.o
                0x00000000fff05598                arch_lmb_reserve
 .text.do_bootm_linux
                0x00000000fff0563c      0x114 arch/powerpc/lib/built-in.o
                0x00000000fff0563c                do_bootm_linux
 .text.boot_prep_vxworks
                0x00000000fff05750       0x74 arch/powerpc/lib/built-in.o
                0x00000000fff05750                boot_prep_vxworks
 .text.boot_jump_vxworks
                0x00000000fff057c4       0x5c arch/powerpc/lib/built-in.o
                0x00000000fff057c4                boot_jump_vxworks
 .text.flush_cache
                0x00000000fff05820       0x5c arch/powerpc/lib/built-in.o
                0x00000000fff05820                flush_cache
 .text.search_exception_table
                0x00000000fff0587c       0x60 arch/powerpc/lib/built-in.o
                0x00000000fff0587c                search_exception_table
 .text.enable_interrupts
                0x00000000fff058dc       0x10 arch/powerpc/lib/built-in.o
                0x00000000fff058dc                enable_interrupts
 .text.disable_interrupts
                0x00000000fff058ec       0x14 arch/powerpc/lib/built-in.o
                0x00000000fff058ec                disable_interrupts
 .text.interrupt_init
                0x00000000fff05900       0x5c arch/powerpc/lib/built-in.o
                0x00000000fff05900                interrupt_init
 .text.timer_interrupt
                0x00000000fff0595c       0x50 arch/powerpc/lib/built-in.o
                0x00000000fff0595c                timer_interrupt
 .text.get_timer
                0x00000000fff059ac       0x38 arch/powerpc/lib/built-in.o
                0x00000000fff059ac                get_timer
 .text.usec2ticks
                0x00000000fff059e4       0x6c arch/powerpc/lib/built-in.o
                0x00000000fff059e4                usec2ticks
 .text.__udelay
                0x00000000fff05a50       0x30 arch/powerpc/lib/built-in.o
                0x00000000fff05a50                __udelay
 .text.init_timebase
                0x00000000fff05a80       0x14 arch/powerpc/lib/built-in.o
                0x00000000fff05a80                init_timebase
 .text.memcpy   0x00000000fff05a94       0x88 arch/powerpc/lib/built-in.o
                0x00000000fff05a94                memcpy
 .text.eeprom_write_enable
                0x00000000fff05b1c       0x5c board/esd/mecp5123/built-in.o
                0x00000000fff05b1c                eeprom_write_enable
 .text.board_early_init_f
                0x00000000fff05b78       0xf0 board/esd/mecp5123/built-in.o
                0x00000000fff05b78                board_early_init_f
 .text.initdram
                0x00000000fff05c68       0x44 board/esd/mecp5123/built-in.o
                0x00000000fff05c68                initdram
 .text.misc_init_r
                0x00000000fff05cac       0xac board/esd/mecp5123/built-in.o
                0x00000000fff05cac                misc_init_r
 .text.checkboard
                0x00000000fff05d58       0x70 board/esd/mecp5123/built-in.o
                0x00000000fff05d58                checkboard
 .text.ft_board_setup
                0x00000000fff05dc8       0x2c board/esd/mecp5123/built-in.o
                0x00000000fff05dc8                ft_board_setup
 .text.show_boot_progress
                0x00000000fff05df4        0x4 common/built-in.o
                0x00000000fff05df4                show_boot_progress
 .text.main_loop
                0x00000000fff05df8       0x5c common/built-in.o
                0x00000000fff05df8                main_loop
 .text.find_cmd_tbl
                0x00000000fff05e54       0xc4 common/built-in.o
                0x00000000fff05e54                find_cmd_tbl
 .text.find_cmd
                0x00000000fff05f18       0x48 common/built-in.o
                0x00000000fff05f18                find_cmd
 .text.cmd_usage
                0x00000000fff05f60       0x70 common/built-in.o
                0x00000000fff05f60                cmd_usage
 .text._do_help
                0x00000000fff05fd0      0x1b4 common/built-in.o
                0x00000000fff05fd0                _do_help
 .text.cmd_get_data_size
                0x00000000fff06184       0x7c common/built-in.o
                0x00000000fff06184                cmd_get_data_size
 .text.cmd_process
                0x00000000fff06200      0x114 common/built-in.o
                0x00000000fff06200                cmd_process
 .text.dummy    0x00000000fff06314        0x4 common/built-in.o
 .text.get_version
                0x00000000fff06318        0x8 common/built-in.o
                0x00000000fff06318                get_version
 .text.jumptable_init
                0x00000000fff06320      0x174 common/built-in.o
                0x00000000fff06320                jumptable_init
 .text.hash_finish_crc32
                0x00000000fff06494       0x50 common/built-in.o
 .text.hash_update_crc32
                0x00000000fff064e4       0x44 common/built-in.o
 .text.hash_init_crc32
                0x00000000fff06528       0x44 common/built-in.o
 .text.hash_command
                0x00000000fff0656c       0xb8 common/built-in.o
                0x00000000fff0656c                hash_command
 .text.b_reset  0x00000000fff06624       0x20 common/built-in.o
 .text.static_get
                0x00000000fff06644       0x20 common/built-in.o
 .text.file_peek
                0x00000000fff06664        0xc common/built-in.o
 .text.mapset   0x00000000fff06670       0x48 common/built-in.o
 .text.syntax_err
                0x00000000fff066b8       0x30 common/built-in.o
 .text.free_pipe_list
                0x00000000fff066e8       0xf4 common/built-in.o
 .text.xmalloc  0x00000000fff067dc       0x40 common/built-in.o
 .text.new_pipe
                0x00000000fff0681c       0x3c common/built-in.o
 .text.xrealloc
                0x00000000fff06858       0x40 common/built-in.o
 .text.done_command
                0x00000000fff06898       0x98 common/built-in.o
 .text.done_pipe
                0x00000000fff06930       0x58 common/built-in.o
 .text.done_word
                0x00000000fff06988      0x2e4 common/built-in.o
 .text.do_showvar
                0x00000000fff06c6c      0x118 common/built-in.o
 .text.is_assignment
                0x00000000fff06d84       0x7c common/built-in.o
 .text.file_get
                0x00000000fff06e00      0x1dc common/built-in.o
 .text.b_addchr
                0x00000000fff06fdc       0xa4 common/built-in.o
 .text.b_addqchr
                0x00000000fff07080       0x78 common/built-in.o
 .text.static_peek
                0x00000000fff070f8        0xc common/built-in.o
 .text.get_local_var
                0x00000000fff07104       0xac common/built-in.o
                0x00000000fff07104                get_local_var
 .text.set_local_var
                0x00000000fff071b0      0x1c8 common/built-in.o
                0x00000000fff071b0                set_local_var
 .text.insert_var_value_sub
                0x00000000fff07378      0x2d0 common/built-in.o
 .text.parse_string_outer
                0x00000000fff07648       0xfc common/built-in.o
                0x00000000fff07648                parse_string_outer
 .text.run_list_real
                0x00000000fff07744      0x784 common/built-in.o
 .text.parse_stream_outer
                0x00000000fff07ec8      0x71c common/built-in.o
 .text.parse_file_outer
                0x00000000fff085e4       0x58 common/built-in.o
                0x00000000fff085e4                parse_file_outer
 .text.u_boot_hush_start
                0x00000000fff0863c       0x68 common/built-in.o
                0x00000000fff0863c                u_boot_hush_start
 .text.run_command
                0x00000000fff086a4       0x40 common/built-in.o
                0x00000000fff086a4                run_command
 .text.run_command_list
                0x00000000fff086e4       0x80 common/built-in.o
                0x00000000fff086e4                run_command_list
 .text.do_run   0x00000000fff08764       0x88 common/built-in.o
                0x00000000fff08764                do_run
 .text.cli_loop
                0x00000000fff087ec       0x28 common/built-in.o
                0x00000000fff087ec                cli_loop
 .text.cli_init
                0x00000000fff08814       0x2c common/built-in.o
                0x00000000fff08814                cli_init
 .text.delete_char.part.0
                0x00000000fff08840       0xec common/built-in.o
 .text.cread_add_char
                0x00000000fff0892c       0xfc common/built-in.o
 .text.cli_readline_into_buffer
                0x00000000fff08a28      0x934 common/built-in.o
                0x00000000fff08a28                cli_readline_into_buffer
 .text.cli_readline
                0x00000000fff0935c       0x3c common/built-in.o
                0x00000000fff0935c                cli_readline
 .text.hex1_bin
                0x00000000fff09398       0x48 common/built-in.o
 .text.hex2_bin
                0x00000000fff093e0       0x50 common/built-in.o
 .text.srec_decode
                0x00000000fff09430      0x268 common/built-in.o
                0x00000000fff09430                srec_decode
 .text.CYGACC_COMM_IF_GETC_TIMEOUT.isra.0
                0x00000000fff09698       0x70 common/built-in.o
 .text.xyzModem_flush
                0x00000000fff09708       0x2c common/built-in.o
 .text.xyzModem_get_hdr
                0x00000000fff09734      0x26c common/built-in.o
 .text.xyzModem_stream_open
                0x00000000fff099a0      0x258 common/built-in.o
                0x00000000fff099a0                xyzModem_stream_open
 .text.xyzModem_stream_read
                0x00000000fff09bf8      0x278 common/built-in.o
                0x00000000fff09bf8                xyzModem_stream_read
 .text.xyzModem_stream_close
                0x00000000fff09e70       0x58 common/built-in.o
                0x00000000fff09e70                xyzModem_stream_close
 .text.xyzModem_stream_terminate
                0x00000000fff09ec8       0xb4 common/built-in.o
                0x00000000fff09ec8                xyzModem_stream_terminate
 .text.xyzModem_error
                0x00000000fff09f7c       0x94 common/built-in.o
                0x00000000fff09f7c                xyzModem_error
 .text.bootdelay_process
                0x00000000fff0a010       0x64 common/built-in.o
                0x00000000fff0a010                bootdelay_process
 .text.autoboot_command
                0x00000000fff0a074       0xe8 common/built-in.o
                0x00000000fff0a074                autoboot_command
 .text.trace_early_init
                0x00000000fff0a15c        0x8 common/built-in.o
 .text.setup_mon_len
                0x00000000fff0a164       0x3c common/built-in.o
 .text.arch_cpu_init
                0x00000000fff0a1a0        0x8 common/built-in.o
                0x00000000fff0a1a0                arch_cpu_init
 .text.reserve_round_4k
                0x00000000fff0a1a8       0x14 common/built-in.o
 .text.reserve_uboot
                0x00000000fff0a1bc       0x2c common/built-in.o
 .text.reserve_malloc
                0x00000000fff0a1e8       0x18 common/built-in.o
 .text.reserve_global_data
                0x00000000fff0a200       0x1c common/built-in.o
 .text.reserve_fdt
                0x00000000fff0a21c       0x44 common/built-in.o
 .text.reserve_stacks
                0x00000000fff0a260       0x38 common/built-in.o
 .text.setup_board_part1
                0x00000000fff0a298       0x2c common/built-in.o
 .text.setup_board_part2
                0x00000000fff0a2c4       0x24 common/built-in.o
 .text.initf_dm
                0x00000000fff0a2e8        0x8 common/built-in.o
 .text.jump_to_copy
                0x00000000fff0a2f0       0x30 common/built-in.o
 .text.setup_reloc
                0x00000000fff0a320       0x48 common/built-in.o
 .text.reloc_fdt
                0x00000000fff0a368       0x58 common/built-in.o
 .text.init_func_ram
                0x00000000fff0a3c0       0x54 common/built-in.o
 .text.announce_dram_init
                0x00000000fff0a414       0x34 common/built-in.o
 .text.init_func_i2c
                0x00000000fff0a448       0x4c common/built-in.o
 .text.init_baud_rate
                0x00000000fff0a494       0x44 common/built-in.o
 .text.mark_bootstage
                0x00000000fff0a4d8       0x34 common/built-in.o
 .text.reserve_board
                0x00000000fff0a50c       0x64 common/built-in.o
 .text.print_cpuinfo
                0x00000000fff0a570        0x8 common/built-in.o
 .text.display_text_info
                0x00000000fff0a578        0x8 common/built-in.o
 .text.setup_fdt
                0x00000000fff0a580        0x8 common/built-in.o
 .text.reserve_trace
                0x00000000fff0a588        0x8 common/built-in.o
 .text.setup_machine
                0x00000000fff0a590        0x8 common/built-in.o
 .text.display_new_sp
                0x00000000fff0a598        0x8 common/built-in.o
 .text.initf_malloc
                0x00000000fff0a5a0        0x8 common/built-in.o
 .text.board_add_ram_info
                0x00000000fff0a5a8        0x4 common/built-in.o
                0x00000000fff0a5a8                board_add_ram_info
 .text.show_dram_config
                0x00000000fff0a5ac       0x4c common/built-in.o
 .text.dram_init_banksize
                0x00000000fff0a5f8        0x4 common/built-in.o
                0x00000000fff0a5f8                dram_init_banksize
 .text.setup_dram_config
                0x00000000fff0a5fc       0x30 common/built-in.o
 .text.board_get_usable_ram_top
                0x00000000fff0a62c        0x8 common/built-in.o
                0x00000000fff0a62c                board_get_usable_ram_top
 .text.setup_dest_addr
                0x00000000fff0a634       0x5c common/built-in.o
 .text.board_init_f
                0x00000000fff0a690       0x38 common/built-in.o
                0x00000000fff0a690                board_init_f
 .text.bootstage_relocate
                0x00000000fff0a6c8        0x8 common/built-in.o
 .text.initr_reloc_global_data
                0x00000000fff0a6d0       0x44 common/built-in.o
 .text.initr_barrier
                0x00000000fff0a714       0x10 common/built-in.o
 .text.power_init_board
                0x00000000fff0a724        0x8 common/built-in.o
                0x00000000fff0a724                power_init_board
 .text.initr_spi
                0x00000000fff0a72c        0x8 common/built-in.o
 .text.run_main_loop
                0x00000000fff0a734       0x28 common/built-in.o
 .text.initr_net
                0x00000000fff0a75c       0x3c common/built-in.o
 .text.initr_ethaddr
                0x00000000fff0a798       0x3c common/built-in.o
 .text.initr_jumptable
                0x00000000fff0a7d4       0x30 common/built-in.o
 .text.initr_env
                0x00000000fff0a804       0x48 common/built-in.o
 .text.initr_nand
                0x00000000fff0a84c       0x38 common/built-in.o
 .text.initr_trap
                0x00000000fff0a884       0x34 common/built-in.o
 .text.initr_serial
                0x00000000fff0a8b8       0x30 common/built-in.o
 .text.initr_malloc
                0x00000000fff0a8e8       0x44 common/built-in.o
 .text.initr_reloc
                0x00000000fff0a92c       0x40 common/built-in.o
 .text.initr_announce
                0x00000000fff0a96c        0x8 common/built-in.o
 .text.initr_trace
                0x00000000fff0a974        0x8 common/built-in.o
 .text.board_flash_wp_on
                0x00000000fff0a97c        0x8 common/built-in.o
                0x00000000fff0a97c                board_flash_wp_on
 .text.initr_flash
                0x00000000fff0a984       0x90 common/built-in.o
 .text.cpu_secondary_init_r
                0x00000000fff0aa14        0x4 common/built-in.o
                0x00000000fff0aa14                cpu_secondary_init_r
 .text.initr_secondary_cpu
                0x00000000fff0aa18       0x30 common/built-in.o
 .text.board_init_r
                0x00000000fff0aa48       0x30 common/built-in.o
                0x00000000fff0aa48                board_init_r
 .text.do_go_exec
                0x00000000fff0aa78       0x30 common/built-in.o
                0x00000000fff0aa78                do_go_exec
 .text.do_go    0x00000000fff0aaa8       0x84 common/built-in.o
 .text.do_bootm
                0x00000000fff0ab2c       0xf8 common/built-in.o
                0x00000000fff0ab2c                do_bootm
 .text.do_bootd
                0x00000000fff0ac24       0x3c common/built-in.o
                0x00000000fff0ac24                do_bootd
 .text.image_info
                0x00000000fff0ac60       0xcc common/built-in.o
 .text.do_imls  0x00000000fff0ad2c       0xd8 common/built-in.o
 .text.do_iminfo
                0x00000000fff0ae04       0x8c common/built-in.o
 .text.bootm_maybe_autostart
                0x00000000fff0ae90       0x84 common/built-in.o
                0x00000000fff0ae90                bootm_maybe_autostart
 .text.bootm_find_ramdisk_fdt
                0x00000000fff0af14       0xa8 common/built-in.o
                0x00000000fff0af14                bootm_find_ramdisk_fdt
 .text.bootm_disable_interrupts
                0x00000000fff0afbc       0x2c common/built-in.o
                0x00000000fff0afbc                bootm_disable_interrupts
 .text.do_bootm_states
                0x00000000fff0afe8      0x740 common/built-in.o
                0x00000000fff0afe8                do_bootm_states
 .text.copy_args
                0x00000000fff0b728       0x74 common/built-in.o
 .text.do_bootm_rtems
                0x00000000fff0b79c       0x60 common/built-in.o
 .text.do_bootm_plan9
                0x00000000fff0b7fc       0xbc common/built-in.o
 .text.do_bootm_standalone
                0x00000000fff0b8b8       0x7c common/built-in.o
 .text.do_bootm_qnxelf
                0x00000000fff0b934       0x74 common/built-in.o
 .text.do_bootm_netbsd
                0x00000000fff0b9a8      0x114 common/built-in.o
 .text.do_bootvx_fdt
                0x00000000fff0babc      0x110 common/built-in.o
                0x00000000fff0babc                do_bootvx_fdt
 .text.do_bootm_vxworks
                0x00000000fff0bbcc       0x44 common/built-in.o
 .text.arch_preboot_os
                0x00000000fff0bc10        0x4 common/built-in.o
                0x00000000fff0bc10                arch_preboot_os
 .text.boot_selected_os
                0x00000000fff0bc14       0x7c common/built-in.o
                0x00000000fff0bc14                boot_selected_os
 .text.bootm_os_get_boot_func
                0x00000000fff0bc90       0x38 common/built-in.o
                0x00000000fff0bc90                bootm_os_get_boot_func
 .text.do_help  0x00000000fff0bcc8       0x5c common/built-in.o
 .text.do_version
                0x00000000fff0bd24       0x48 common/built-in.o
 .text.env_attr_walk
                0x00000000fff0bd6c      0x15c common/built-in.o
                0x00000000fff0bd6c                env_attr_walk
 .text.env_attr_lookup
                0x00000000fff0bec8      0x1c4 common/built-in.o
                0x00000000fff0bec8                env_attr_lookup
 .text.clear_callback
                0x00000000fff0c08c       0x10 common/built-in.o
 .text.find_env_callback
                0x00000000fff0c09c       0x7c common/built-in.o
 .text.on_callbacks
                0x00000000fff0c118       0x58 common/built-in.o
 .text.set_callback
                0x00000000fff0c170       0xa8 common/built-in.o
 .text.env_callback_init
                0x00000000fff0c218       0xd4 common/built-in.o
                0x00000000fff0c218                env_callback_init
 .text.skip_num
                0x00000000fff0c2ec       0xa0 common/built-in.o
 .text.clear_flags
                0x00000000fff0c38c       0x10 common/built-in.o
 .text.on_flags
                0x00000000fff0c39c       0x58 common/built-in.o
 .text.env_flags_parse_vartype
                0x00000000fff0c3f4       0x68 common/built-in.o
                0x00000000fff0c3f4                env_flags_parse_vartype
 .text.env_flags_parse_varaccess
                0x00000000fff0c45c       0x68 common/built-in.o
                0x00000000fff0c45c                env_flags_parse_varaccess
 .text.set_flags
                0x00000000fff0c4c4       0xc0 common/built-in.o
 .text.env_flags_init
                0x00000000fff0c584       0xe4 common/built-in.o
                0x00000000fff0c584                env_flags_init
 .text.env_flags_validate
                0x00000000fff0c668      0x2f8 common/built-in.o
                0x00000000fff0c668                env_flags_validate
 .text.env_get_char_spec
                0x00000000fff0c960       0x4c common/built-in.o
                0x00000000fff0c960                env_get_char_spec
 .text.env_relocate_spec
                0x00000000fff0c9ac       0x4c common/built-in.o
                0x00000000fff0c9ac                env_relocate_spec
 .text.saveenv  0x00000000fff0c9f8       0x7c common/built-in.o
                0x00000000fff0c9f8                saveenv
 .text.env_init
                0x00000000fff0ca74       0x40 common/built-in.o
                0x00000000fff0ca74                env_init
 .text.source   0x00000000fff0cab4       0xf8 common/built-in.o
                0x00000000fff0cab4                source
 .text.do_source
                0x00000000fff0cbac       0x60 common/built-in.o
 .text.print_num
                0x00000000fff0cc0c       0x38 common/built-in.o
 .text.board_detail
                0x00000000fff0cc44        0x4 common/built-in.o
                0x00000000fff0cc44                board_detail
 .text.do_bdinfo
                0x00000000fff0cc48      0x134 common/built-in.o
                0x00000000fff0cc48                do_bdinfo
 .text.do_coninfo
                0x00000000fff0cd7c       0xd0 common/built-in.o
 .text.cnvrt2   0x00000000fff0ce4c       0x48 common/built-in.o
 .text.mk_date  0x00000000fff0ce94      0x1f8 common/built-in.o
                0x00000000fff0ce94                mk_date
 .text.do_date  0x00000000fff0d08c      0x130 common/built-in.o
 .text.do_echo  0x00000000fff0d1bc       0xd0 common/built-in.o
 .text.eeprom_read
                0x00000000fff0d28c       0xa4 common/built-in.o
                0x00000000fff0d28c                eeprom_read
 .text.eeprom_write
                0x00000000fff0d330       0xb4 common/built-in.o
                0x00000000fff0d330                eeprom_write
 .text.eeprom_init
                0x00000000fff0d3e4       0x38 common/built-in.o
                0x00000000fff0d3e4                eeprom_init
 .text.do_eeprom
                0x00000000fff0d41c      0x120 common/built-in.o
 .text.load_elf_image_shdr
                0x00000000fff0d53c       0xac common/built-in.o
 .text.valid_elf_image
                0x00000000fff0d5e8       0x5c common/built-in.o
                0x00000000fff0d5e8                valid_elf_image
 .text.do_bootelf
                0x00000000fff0d644      0x1a0 common/built-in.o
                0x00000000fff0d644                do_bootelf
 .text.do_bootvx
                0x00000000fff0d7e4      0x240 common/built-in.o
                0x00000000fff0d7e4                do_bootvx
 .text.do_exit  0x00000000fff0da24       0x50 common/built-in.o
 .text.do_fat_size
                0x00000000fff0da74       0x30 common/built-in.o
                0x00000000fff0da74                do_fat_size
 .text.do_fat_fsload
                0x00000000fff0daa4       0x30 common/built-in.o
                0x00000000fff0daa4                do_fat_fsload
 .text.do_fat_ls
                0x00000000fff0dad4       0x30 common/built-in.o
 .text.do_fat_fsinfo
                0x00000000fff0db04       0xa8 common/built-in.o
 .text.fdt_valid
                0x00000000fff0dbac       0xbc common/built-in.o
 .text.is_printable_string
                0x00000000fff0dc68       0xbc common/built-in.o
 .text.print_data
                0x00000000fff0dd24      0x178 common/built-in.o
 .text.set_working_fdt_addr
                0x00000000fff0de9c       0x3c common/built-in.o
                0x00000000fff0de9c                set_working_fdt_addr
 .text.do_fdt   0x00000000fff0ded8      0xd64 common/built-in.o
 .text.of_bus_default_map
                0x00000000fff0ec3c       0xc0 common/built-in.o
 .text.get_cells_len
                0x00000000fff0ecfc       0x60 common/built-in.o
 .text.of_bus_default_count_cells
                0x00000000fff0ed5c       0x94 common/built-in.o
                0x00000000fff0ed5c                of_bus_default_count_cells
 .text.of_bus_default_translate
                0x00000000fff0edf0       0x90 common/built-in.o
 .text.fdt_find_or_add_subnode.constprop.4
                0x00000000fff0ee80       0x7c common/built-in.o
 .text.fdt_find_and_setprop
                0x00000000fff0eefc       0x90 common/built-in.o
                0x00000000fff0eefc                fdt_find_and_setprop
 .text.fdt_initrd
                0x00000000fff0ef8c      0x1c0 common/built-in.o
                0x00000000fff0ef8c                fdt_initrd
 .text.fdt_chosen
                0x00000000fff0f14c       0xdc common/built-in.o
                0x00000000fff0f14c                fdt_chosen
 .text.do_fixup_by_path
                0x00000000fff0f228       0x54 common/built-in.o
                0x00000000fff0f228                do_fixup_by_path
 .text.do_fixup_by_path_u32
                0x00000000fff0f27c       0x40 common/built-in.o
                0x00000000fff0f27c                do_fixup_by_path_u32
 .text.do_fixup_by_compat
                0x00000000fff0f2bc       0xc0 common/built-in.o
                0x00000000fff0f2bc                do_fixup_by_compat
 .text.do_fixup_by_compat_u32
                0x00000000fff0f37c       0x40 common/built-in.o
                0x00000000fff0f37c                do_fixup_by_compat_u32
 .text.fdt_fixup_memory_banks
                0x00000000fff0f3bc      0x1d4 common/built-in.o
                0x00000000fff0f3bc                fdt_fixup_memory_banks
 .text.fdt_fixup_memory
                0x00000000fff0f590       0x48 common/built-in.o
                0x00000000fff0f590                fdt_fixup_memory
 .text.fdt_fixup_ethernet
                0x00000000fff0f5d8      0x17c common/built-in.o
                0x00000000fff0f5d8                fdt_fixup_ethernet
 .text.fdt_shrink_to_minimum
                0x00000000fff0f754       0xe0 common/built-in.o
                0x00000000fff0f754                fdt_shrink_to_minimum
 .text.flash_fill_sect_ranges
                0x00000000fff0f834      0x164 common/built-in.o
 .text.abbrev_spec
                0x00000000fff0f998      0x154 common/built-in.o
 .text.do_flinfo
                0x00000000fff0faec       0x74 common/built-in.o
 .text.flash_sect_roundb
                0x00000000fff0fb60       0xbc common/built-in.o
                0x00000000fff0fb60                flash_sect_roundb
 .text.addr_spec
                0x00000000fff0fc1c       0xe4 common/built-in.o
 .text.flash_sect_erase
                0x00000000fff0fd00       0xac common/built-in.o
                0x00000000fff0fd00                flash_sect_erase
 .text.do_flerase
                0x00000000fff0fdac      0x17c common/built-in.o
 .text.flash_sect_protect
                0x00000000fff0ff28       0xe4 common/built-in.o
                0x00000000fff0ff28                flash_sect_protect
 .text.do_protect
                0x00000000fff1000c      0x26c common/built-in.o
 .text.get_alen
                0x00000000fff10278       0x40 common/built-in.o
 .text.do_i2c   0x00000000fff102b8       0x84 common/built-in.o
 .text.do_i2c_reset
                0x00000000fff1033c       0x3c common/built-in.o
 .text.do_i2c_mw
                0x00000000fff10378      0x108 common/built-in.o
 .text.do_i2c_read
                0x00000000fff10480       0xcc common/built-in.o
 .text.do_i2c_probe
                0x00000000fff1054c       0xb8 common/built-in.o
 .text.do_i2c_md
                0x00000000fff10604      0x1d0 common/built-in.o
 .text.do_i2c_crc
                0x00000000fff107d4      0x11c common/built-in.o
 .text.do_i2c_write
                0x00000000fff108f0      0x100 common/built-in.o
 .text.do_i2c_loop
                0x00000000fff109f0      0x100 common/built-in.o
 .text.mod_i2c_mem.isra.2
                0x00000000fff10af0      0x208 common/built-in.o
 .text.do_i2c_nm
                0x00000000fff10cf8        0x8 common/built-in.o
 .text.do_i2c_mm
                0x00000000fff10d00        0x8 common/built-in.o
 .text.do_i2c_bus_num
                0x00000000fff10d08       0x88 common/built-in.o
 .text.i2c_get_bus_speed
                0x00000000fff10d90        0xc common/built-in.o
                0x00000000fff10d90                i2c_get_bus_speed
 .text.i2c_set_bus_speed
                0x00000000fff10d9c       0x18 common/built-in.o
                0x00000000fff10d9c                i2c_set_bus_speed
 .text.do_i2c_bus_speed
                0x00000000fff10db4       0x88 common/built-in.o
 .text.evalexp  0x00000000fff10e3c       0xa0 common/built-in.o
 .text.evalstr  0x00000000fff10edc       0x94 common/built-in.o
 .text.binary_test
                0x00000000fff10f70      0x1c4 common/built-in.o
 .text.do_itest
                0x00000000fff11134       0x9c common/built-in.o
 .text.jffs2_part_info
                0x00000000fff111d0       0xa0 common/built-in.o
 .text.mtdparts_init
                0x00000000fff11270      0x2e0 common/built-in.o
                0x00000000fff11270                mtdparts_init
 .text.do_jffs2_fsload
                0x00000000fff11550      0x124 common/built-in.o
                0x00000000fff11550                do_jffs2_fsload
 .text.do_jffs2_ls
                0x00000000fff11674       0x78 common/built-in.o
                0x00000000fff11674                do_jffs2_ls
 .text.do_jffs2_fsinfo
                0x00000000fff116ec       0x74 common/built-in.o
                0x00000000fff116ec                do_jffs2_fsinfo
 .text.bin_data_init
                0x00000000fff11760       0x48 common/built-in.o
 .text.k_data_save
                0x00000000fff117a8       0x5c common/built-in.o
 .text.k_data_restore
                0x00000000fff11804       0x5c common/built-in.o
 .text.getcxmodem
                0x00000000fff11860       0x44 common/built-in.o
 .text.load_serial_ymodem
                0x00000000fff118a4      0x118 common/built-in.o
 .text.bin_data_char
                0x00000000fff119bc       0x50 common/built-in.o
 .text.chk1.constprop.1
                0x00000000fff11a0c       0x54 common/built-in.o
 .text.s1_sendpacket.constprop.2
                0x00000000fff11a60       0x68 common/built-in.o
 .text.load_serial
                0x00000000fff11ac8      0x218 common/built-in.o
 .text.do_load_serial
                0x00000000fff11ce0      0x1a4 common/built-in.o
 .text.do_load_serial_bin
                0x00000000fff11e84      0x738 common/built-in.o
 .text.do_mem_mw
                0x00000000fff125bc       0xf0 common/built-in.o
 .text.do_mem_loop
                0x00000000fff126ac      0x110 common/built-in.o
 .text.do_mem_md
                0x00000000fff127bc       0xf4 common/built-in.o
 .text.do_mem_cmp
                0x00000000fff128b0      0x170 common/built-in.o
 .text.do_mem_base
                0x00000000fff12a20       0x58 common/built-in.o
 .text.do_mem_cp
                0x00000000fff12a78      0x148 common/built-in.o
 .text.do_mem_crc
                0x00000000fff12bc0       0x5c common/built-in.o
 .text.mod_mem.isra.0
                0x00000000fff12c1c      0x1a0 common/built-in.o
 .text.do_mem_mm
                0x00000000fff12dbc        0x8 common/built-in.o
 .text.do_mem_nm
                0x00000000fff12dc4        0x8 common/built-in.o
 .text.legacy_miiphy_read
                0x00000000fff12dcc       0x50 common/built-in.o
 .text.legacy_miiphy_write
                0x00000000fff12e1c       0x3c common/built-in.o
 .text.miiphy_get_dev_by_name
                0x00000000fff12e58       0x78 common/built-in.o
                0x00000000fff12e58                miiphy_get_dev_by_name
 .text.miiphy_init
                0x00000000fff12ed0       0x44 common/built-in.o
                0x00000000fff12ed0                miiphy_init
 .text.mdio_alloc
                0x00000000fff12f14       0x50 common/built-in.o
                0x00000000fff12f14                mdio_alloc
 .text.miiphy_register
                0x00000000fff12f64      0x108 common/built-in.o
                0x00000000fff12f64                miiphy_register
 .text.miiphy_set_current_dev
                0x00000000fff1306c       0x58 common/built-in.o
                0x00000000fff1306c                miiphy_set_current_dev
 .text.miiphy_get_active_dev
                0x00000000fff130c4       0x78 common/built-in.o
 .text.miiphy_get_current_dev
                0x00000000fff1313c       0x44 common/built-in.o
                0x00000000fff1313c                miiphy_get_current_dev
 .text.miiphy_read
                0x00000000fff13180       0x60 common/built-in.o
                0x00000000fff13180                miiphy_read
 .text.miiphy_write
                0x00000000fff131e0       0x54 common/built-in.o
                0x00000000fff131e0                miiphy_write
 .text.miiphy_listdev
                0x00000000fff13234       0x80 common/built-in.o
                0x00000000fff13234                miiphy_listdev
 .text.miiphy_info
                0x00000000fff132b4       0xac common/built-in.o
                0x00000000fff132b4                miiphy_info
 .text.miiphy_speed
                0x00000000fff13360       0xac common/built-in.o
                0x00000000fff13360                miiphy_speed
 .text.miiphy_duplex
                0x00000000fff1340c       0xac common/built-in.o
                0x00000000fff1340c                miiphy_duplex
 .text.miiphy_is_1000base_x
                0x00000000fff134b8        0x8 common/built-in.o
                0x00000000fff134b8                miiphy_is_1000base_x
 .text.extract_range
                0x00000000fff134c0       0x74 common/built-in.o
 .text.do_mii   0x00000000fff13534      0x750 common/built-in.o
 .text.do_sleep
                0x00000000fff13c84       0x8c common/built-in.o
 .text.nand_print_and_set_info
                0x00000000fff13d10       0xb8 common/built-in.o
 .text.arg_off  0x00000000fff13dc8       0xcc common/built-in.o
 .text.arg_off_size
                0x00000000fff13e94      0x17c common/built-in.o
 .text.do_nand  0x00000000fff14010      0xc18 common/built-in.o
 .text.do_nandboot
                0x00000000fff14c28      0x2dc common/built-in.o
 .text.netboot_common
                0x00000000fff14f04      0x29c common/built-in.o
 .text.do_bootp
                0x00000000fff151a0        0xc common/built-in.o
 .text.do_dhcp  0x00000000fff151ac        0xc common/built-in.o
 .text.do_nfs   0x00000000fff151b8        0xc common/built-in.o
 .text.do_tftpb
                0x00000000fff151c4       0x60 common/built-in.o
                0x00000000fff151c4                do_tftpb
 .text.do_ping  0x00000000fff15224       0x8c common/built-in.o
 .text.do_reginfo
                0x00000000fff152b0        0x8 common/built-in.o
 .text.do_false
                0x00000000fff152b8        0x8 common/built-in.o
 .text.do_true  0x00000000fff152c0        0x8 common/built-in.o
 .text.do_test  0x00000000fff152c8      0x330 common/built-in.o
 .text.do_imgextract
                0x00000000fff155f8      0x264 common/built-in.o
 .text.flash_protect
                0x00000000fff1585c       0xd4 common/built-in.o
                0x00000000fff1585c                flash_protect
 .text.addr2info
                0x00000000fff15930       0x74 common/built-in.o
                0x00000000fff15930                addr2info
 .text.flash_write
                0x00000000fff159a4      0x158 common/built-in.o
                0x00000000fff159a4                flash_write
 .text.flash_perror
                0x00000000fff15afc       0xe8 common/built-in.o
                0x00000000fff15afc                flash_perror
 .text.do_env_delete
                0x00000000fff15be4       0xb4 common/built-in.o
 .text.do_env_save
                0x00000000fff15c98       0x44 common/built-in.o
 .text.do_env   0x00000000fff15cdc       0x84 common/built-in.o
 .text.env_print
                0x00000000fff15d60       0xdc common/built-in.o
 .text.do_env_print
                0x00000000fff15e3c       0xdc common/built-in.o
 .text.do_env_import
                0x00000000fff15f18      0x25c common/built-in.o
 .text.do_env_default
                0x00000000fff16174       0xa4 common/built-in.o
 .text._do_env_set.isra.0
                0x00000000fff16218      0x1cc common/built-in.o
 .text.do_env_set
                0x00000000fff163e4       0x1c common/built-in.o
 .text.do_env_ask
                0x00000000fff16400      0x168 common/built-in.o
                0x00000000fff16400                do_env_ask
 .text.get_env_id
                0x00000000fff16568       0x34 common/built-in.o
                0x00000000fff16568                get_env_id
 .text.setenv   0x00000000fff1659c       0x78 common/built-in.o
                0x00000000fff1659c                setenv
 .text.setenv_ulong
                0x00000000fff16614       0x40 common/built-in.o
                0x00000000fff16614                setenv_ulong
 .text.setenv_hex
                0x00000000fff16654       0x4c common/built-in.o
                0x00000000fff16654                setenv_hex
 .text.do_env_export
                0x00000000fff166a0      0x238 common/built-in.o
 .text.envmatch
                0x00000000fff168d8       0x8c common/built-in.o
                0x00000000fff168d8                envmatch
 .text.getenv_f
                0x00000000fff16964       0xe8 common/built-in.o
                0x00000000fff16964                getenv_f
 .text.getenv   0x00000000fff16a4c       0x9c common/built-in.o
                0x00000000fff16a4c                getenv
 .text.getenv_hex
                0x00000000fff16ae8       0x58 common/built-in.o
                0x00000000fff16ae8                getenv_hex
 .text.getenv_ulong
                0x00000000fff16b40       0x50 common/built-in.o
                0x00000000fff16b40                getenv_ulong
 .text.do_env_edit
                0x00000000fff16b90       0x98 common/built-in.o
 .text.env_get_addr
                0x00000000fff16c28       0x48 common/built-in.o
                0x00000000fff16c28                env_get_addr
 .text.env_get_char_memory
                0x00000000fff16c70       0x30 common/built-in.o
                0x00000000fff16c70                env_get_char_memory
 .text.env_get_char
                0x00000000fff16ca0       0x58 common/built-in.o
                0x00000000fff16ca0                env_get_char
 .text.getenv_yesno
                0x00000000fff16cf8       0x64 common/built-in.o
                0x00000000fff16cf8                getenv_yesno
 .text.getenv_default
                0x00000000fff16d5c       0x50 common/built-in.o
                0x00000000fff16d5c                getenv_default
 .text.set_default_env
                0x00000000fff16dac       0xb4 common/built-in.o
                0x00000000fff16dac                set_default_env
 .text.set_default_vars
                0x00000000fff16e60       0x4c common/built-in.o
                0x00000000fff16e60                set_default_vars
 .text.env_import
                0x00000000fff16eac       0xd8 common/built-in.o
                0x00000000fff16eac                env_import
 .text.env_export
                0x00000000fff16f84       0x98 common/built-in.o
                0x00000000fff16f84                env_export
 .text.env_relocate
                0x00000000fff1701c       0x4c common/built-in.o
                0x00000000fff1701c                env_relocate
 .text.console_setfile
                0x00000000fff17068       0xd0 common/built-in.o
 .text.fgetc    0x00000000fff17138       0x50 common/built-in.o
                0x00000000fff17138                fgetc
 .text.ftstc    0x00000000fff17188       0x50 common/built-in.o
                0x00000000fff17188                ftstc
 .text.fputc    0x00000000fff171d8       0x48 common/built-in.o
                0x00000000fff171d8                fputc
 .text.fputs    0x00000000fff17220       0x48 common/built-in.o
                0x00000000fff17220                fputs
 .text.getc     0x00000000fff17268       0x50 common/built-in.o
                0x00000000fff17268                getc
 .text.tstc     0x00000000fff172b8       0x50 common/built-in.o
                0x00000000fff172b8                tstc
 .text.putc     0x00000000fff17308       0x54 common/built-in.o
                0x00000000fff17308                putc
 .text.puts     0x00000000fff1735c       0x54 common/built-in.o
                0x00000000fff1735c                puts
 .text.printf   0x00000000fff173b0       0x98 common/built-in.o
                0x00000000fff173b0                printf
 .text.vprintf  0x00000000fff17448       0x4c common/built-in.o
                0x00000000fff17448                vprintf
 .text.ctrlc    0x00000000fff17494       0x78 common/built-in.o
                0x00000000fff17494                ctrlc
 .text.confirm_yesno
                0x00000000fff1750c       0xe4 common/built-in.o
                0x00000000fff1750c                confirm_yesno
 .text.had_ctrlc
                0x00000000fff175f0       0x34 common/built-in.o
                0x00000000fff175f0                had_ctrlc
 .text.clear_ctrlc
                0x00000000fff17624       0x38 common/built-in.o
                0x00000000fff17624                clear_ctrlc
 .text.search_device
                0x00000000fff1765c       0x58 common/built-in.o
                0x00000000fff1765c                search_device
 .text.console_assign
                0x00000000fff176b4       0x74 common/built-in.o
                0x00000000fff176b4                console_assign
 .text.on_console
                0x00000000fff17728       0xd4 common/built-in.o
 .text.console_init_f
                0x00000000fff177fc       0x10 common/built-in.o
                0x00000000fff177fc                console_init_f
 .text.stdio_print_current_devices
                0x00000000fff1780c       0xb0 common/built-in.o
                0x00000000fff1780c                stdio_print_current_devices
 .text.console_init_r
                0x00000000fff178bc       0xf8 common/built-in.o
                0x00000000fff178bc                console_init_r
 .text.sbrk     0x00000000fff179b4       0x7c common/built-in.o
                0x00000000fff179b4                sbrk
 .text.mem_malloc_init
                0x00000000fff17a30       0x50 common/built-in.o
                0x00000000fff17a30                mem_malloc_init
 .text.malloc_trim
                0x00000000fff17a80       0xd8 common/built-in.o
                0x00000000fff17a80                malloc_trim
 .text.free     0x00000000fff17b58      0x25c common/built-in.o
                0x00000000fff17b58                free
 .text.malloc   0x00000000fff17db4      0x614 common/built-in.o
                0x00000000fff17db4                malloc
 .text.calloc   0x00000000fff183c8       0xf8 common/built-in.o
                0x00000000fff183c8                calloc
 .text.realloc  0x00000000fff184c0      0x4e8 common/built-in.o
                0x00000000fff184c0                realloc
 .text.memalign
                0x00000000fff189a8      0x134 common/built-in.o
                0x00000000fff189a8                memalign
 .text.on_loadaddr
                0x00000000fff18adc       0x54 common/built-in.o
 .text.image_check_hcrc
                0x00000000fff18b30       0x68 common/built-in.o
                0x00000000fff18b30                image_check_hcrc
 .text.image_check_dcrc
                0x00000000fff18b98       0x50 common/built-in.o
                0x00000000fff18b98                image_check_dcrc
 .text.image_multi_count
                0x00000000fff18be8       0x20 common/built-in.o
                0x00000000fff18be8                image_multi_count
 .text.image_multi_getimg
                0x00000000fff18c08       0x9c common/built-in.o
                0x00000000fff18c08                image_multi_getimg
 .text.getenv_bootm_low
                0x00000000fff18ca4       0x50 common/built-in.o
                0x00000000fff18ca4                getenv_bootm_low
 .text.getenv_bootm_size
                0x00000000fff18cf4       0x74 common/built-in.o
                0x00000000fff18cf4                getenv_bootm_size
 .text.getenv_bootm_mapsize
                0x00000000fff18d68       0x4c common/built-in.o
                0x00000000fff18d68                getenv_bootm_mapsize
 .text.memmove_wd
                0x00000000fff18db4       0x34 common/built-in.o
                0x00000000fff18db4                memmove_wd
 .text.genimg_print_size
                0x00000000fff18de8       0x48 common/built-in.o
                0x00000000fff18de8                genimg_print_size
 .text.genimg_print_time
                0x00000000fff18e30       0x50 common/built-in.o
                0x00000000fff18e30                genimg_print_time
 .text.get_table_entry_name
                0x00000000fff18e80       0x2c common/built-in.o
                0x00000000fff18e80                get_table_entry_name
 .text.genimg_get_os_name
                0x00000000fff18eac       0x38 common/built-in.o
                0x00000000fff18eac                genimg_get_os_name
 .text.genimg_get_arch_name
                0x00000000fff18ee4       0x38 common/built-in.o
                0x00000000fff18ee4                genimg_get_arch_name
 .text.genimg_get_type_name
                0x00000000fff18f1c       0x38 common/built-in.o
                0x00000000fff18f1c                genimg_get_type_name
 .text.genimg_get_comp_name
                0x00000000fff18f54       0x38 common/built-in.o
                0x00000000fff18f54                genimg_get_comp_name
 .text.image_print_contents
                0x00000000fff18f8c      0x178 common/built-in.o
                0x00000000fff18f8c                image_print_contents
 .text.genimg_get_kernel_addr_fit
                0x00000000fff19104       0x48 common/built-in.o
                0x00000000fff19104                genimg_get_kernel_addr_fit
 .text.genimg_get_format
                0x00000000fff1914c       0x50 common/built-in.o
                0x00000000fff1914c                genimg_get_format
 .text.genimg_get_image
                0x00000000fff1919c        0x4 common/built-in.o
                0x00000000fff1919c                genimg_get_image
 .text.genimg_has_config
                0x00000000fff191a0        0x8 common/built-in.o
                0x00000000fff191a0                genimg_has_config
 .text.boot_get_ramdisk
                0x00000000fff191a8      0x240 common/built-in.o
                0x00000000fff191a8                boot_get_ramdisk
 .text.boot_ramdisk_high
                0x00000000fff193e8      0x14c common/built-in.o
                0x00000000fff193e8                boot_ramdisk_high
 .text.boot_get_setup
                0x00000000fff19534        0x8 common/built-in.o
                0x00000000fff19534                boot_get_setup
 .text.boot_get_cmdline
                0x00000000fff1953c       0x98 common/built-in.o
                0x00000000fff1953c                boot_get_cmdline
 .text.boot_get_kbd
                0x00000000fff195d4       0x74 common/built-in.o
                0x00000000fff195d4                boot_get_kbd
 .text.image_setup_linux
                0x00000000fff19648       0xc4 common/built-in.o
                0x00000000fff19648                image_setup_linux
 .text.fdt_error
                0x00000000fff1970c       0x44 common/built-in.o
 .text.boot_fdt_add_mem_rsv_regions
                0x00000000fff19750       0xb0 common/built-in.o
                0x00000000fff19750                boot_fdt_add_mem_rsv_regions
 .text.boot_relocate_fdt
                0x00000000fff19800      0x18c common/built-in.o
                0x00000000fff19800                boot_relocate_fdt
 .text.boot_get_fdt
                0x00000000fff1998c      0x240 common/built-in.o
                0x00000000fff1998c                boot_get_fdt
 .text.ft_verify_fdt
                0x00000000fff19bcc        0x8 common/built-in.o
                0x00000000fff19bcc                ft_verify_fdt
 .text.arch_fixup_fdt
                0x00000000fff19bd4        0x8 common/built-in.o
                0x00000000fff19bd4                arch_fixup_fdt
 .text.image_setup_libfdt
                0x00000000fff19bdc       0xfc common/built-in.o
                0x00000000fff19bdc                image_setup_libfdt
 .text.get_ram_size
                0x00000000fff19cd8      0x128 common/built-in.o
                0x00000000fff19cd8                get_ram_size
 .text.get_effective_memsize
                0x00000000fff19e00        0x8 common/built-in.o
                0x00000000fff19e00                get_effective_memsize
 .text.stdio_serial_tstc
                0x00000000fff19e08       0x2c common/built-in.o
 .text.stdio_serial_getc
                0x00000000fff19e34       0x2c common/built-in.o
 .text.stdio_serial_puts
                0x00000000fff19e60       0x30 common/built-in.o
 .text.stdio_serial_putc
                0x00000000fff19e90       0x30 common/built-in.o
 .text.stdio_get_list
                0x00000000fff19ec0       0x34 common/built-in.o
                0x00000000fff19ec0                stdio_get_list
 .text.stdio_get_by_name
                0x00000000fff19ef4       0x74 common/built-in.o
                0x00000000fff19ef4                stdio_get_by_name
 .text.stdio_clone
                0x00000000fff19f68       0x70 common/built-in.o
                0x00000000fff19f68                stdio_clone
 .text.stdio_register_dev
                0x00000000fff19fd8       0x70 common/built-in.o
                0x00000000fff19fd8                stdio_register_dev
 .text.stdio_register
                0x00000000fff1a048       0x30 common/built-in.o
                0x00000000fff1a048                stdio_register
 .text.stdio_init_tables
                0x00000000fff1a078       0x40 common/built-in.o
                0x00000000fff1a078                stdio_init_tables
 .text.stdio_add_devices
                0x00000000fff1a0b8       0x94 common/built-in.o
                0x00000000fff1a0b8                stdio_add_devices
 .text.get_dev_hwpart
                0x00000000fff1a14c        0x8 disk/built-in.o
                0x00000000fff1a14c                get_dev_hwpart
 .text.get_partition_info
                0x00000000fff1a154        0x8 disk/built-in.o
                0x00000000fff1a154                get_partition_info
 .text.get_device
                0x00000000fff1a15c      0x12c disk/built-in.o
                0x00000000fff1a15c                get_device
 .text.get_device_and_partition
                0x00000000fff1a288      0x438 disk/built-in.o
                0x00000000fff1a288                get_device_and_partition
 .text.GregorianDay
                0x00000000fff1a6c0       0xe4 drivers/built-in.o
                0x00000000fff1a6c0                GregorianDay
 .text.to_tm    0x00000000fff1a7a4       0xf0 drivers/built-in.o
                0x00000000fff1a7a4                to_tm
 .text.rtc_write
                0x00000000fff1a894       0x5c drivers/built-in.o
 .text.rtc_get  0x00000000fff1a8f0      0x19c drivers/built-in.o
                0x00000000fff1a8f0                rtc_get
 .text.rtc_set  0x00000000fff1aa8c      0x164 drivers/built-in.o
                0x00000000fff1aa8c                rtc_set
 .text.rtc_reset
                0x00000000fff1abf0       0xb0 drivers/built-in.o
                0x00000000fff1abf0                rtc_reset
 .text.mtd_erase
                0x00000000fff1aca0       0xcc drivers/mtd/built-in.o
                0x00000000fff1aca0                mtd_erase
 .text.mtd_read
                0x00000000fff1ad6c       0xbc drivers/mtd/built-in.o
                0x00000000fff1ad6c                mtd_read
 .text.mtd_write
                0x00000000fff1ae28       0xa4 drivers/mtd/built-in.o
                0x00000000fff1ae28                mtd_write
 .text.mtd_read_oob
                0x00000000fff1aecc       0x78 drivers/mtd/built-in.o
                0x00000000fff1aecc                mtd_read_oob
 .text.mtd_block_isbad
                0x00000000fff1af44       0x74 drivers/mtd/built-in.o
                0x00000000fff1af44                mtd_block_isbad
 .text.mtd_block_markbad
                0x00000000fff1afb8       0x84 drivers/mtd/built-in.o
                0x00000000fff1afb8                mtd_block_markbad
 .text.flash_make_cmd
                0x00000000fff1b03c       0x5c drivers/mtd/built-in.o
 .text.flash_isequal
                0x00000000fff1b098       0xc0 drivers/mtd/built-in.o
 .text.flash_isset
                0x00000000fff1b158       0xc4 drivers/mtd/built-in.o
 .text.find_sector
                0x00000000fff1b21c       0xc8 drivers/mtd/built-in.o
 .text.cfi_reverse_geometry
                0x00000000fff1b2e4       0x48 drivers/mtd/built-in.o
 .text.flash_add_byte.isra.3
                0x00000000fff1b32c       0x84 drivers/mtd/built-in.o
 .text.cfi_flash_bank_addr
                0x00000000fff1b3b0        0x8 drivers/mtd/built-in.o
                0x00000000fff1b3b0                cfi_flash_bank_addr
 .text.cfi_flash_bank_size
                0x00000000fff1b3b8        0x8 drivers/mtd/built-in.o
                0x00000000fff1b3b8                cfi_flash_bank_size
 .text.flash_get_info
                0x00000000fff1b3c0       0x68 drivers/mtd/built-in.o
                0x00000000fff1b3c0                flash_get_info
 .text.flash_write_cmd
                0x00000000fff1b428       0xa4 drivers/mtd/built-in.o
                0x00000000fff1b428                flash_write_cmd
 .text.flash_unlock_seq
                0x00000000fff1b4cc       0x50 drivers/mtd/built-in.o
 .text.flash_status_check
                0x00000000fff1b51c      0x1e0 drivers/mtd/built-in.o
 .text.flash_full_status_check
                0x00000000fff1b6fc      0x180 drivers/mtd/built-in.o
 .text.flash_write_cfiword
                0x00000000fff1b87c      0x204 drivers/mtd/built-in.o
 .text.flash_erase
                0x00000000fff1ba80      0x1d0 drivers/mtd/built-in.o
                0x00000000fff1ba80                flash_erase
 .text.flash_print_info
                0x00000000fff1bc50      0x220 drivers/mtd/built-in.o
                0x00000000fff1bc50                flash_print_info
 .text.write_buff
                0x00000000fff1be70      0x708 drivers/mtd/built-in.o
                0x00000000fff1be70                write_buff
 .text.__flash_cmd_reset
                0x00000000fff1c578       0x58 drivers/mtd/built-in.o
                0x00000000fff1c578                flash_cmd_reset
 .text.flash_get_size
                0x00000000fff1c5d0      0x8c0 drivers/mtd/built-in.o
                0x00000000fff1c5d0                flash_get_size
 .text.flash_protect_default
                0x00000000fff1ce90       0x54 drivers/mtd/built-in.o
                0x00000000fff1ce90                flash_protect_default
 .text.flash_init
                0x00000000fff1cee4       0x84 drivers/mtd/built-in.o
                0x00000000fff1cee4                flash_init
 .text.nand_register
                0x00000000fff1cf68       0xa8 drivers/mtd/nand/built-in.o
                0x00000000fff1cf68                nand_register
 .text.nand_init
                0x00000000fff1d010       0x78 drivers/mtd/nand/built-in.o
                0x00000000fff1d010                nand_init
 .text.verify_bbt_descr
                0x00000000fff1d088      0x17c drivers/mtd/nand/built-in.o
 .text.create_bbt
                0x00000000fff1d204      0x218 drivers/mtd/nand/built-in.o
 .text.scan_read
                0x00000000fff1d41c      0x10c drivers/mtd/nand/built-in.o
 .text.read_bbt
                0x00000000fff1d528      0x1f4 drivers/mtd/nand/built-in.o
 .text.read_abs_bbt
                0x00000000fff1d71c      0x124 drivers/mtd/nand/built-in.o
 .text.write_bbt
                0x00000000fff1d840      0x5f8 drivers/mtd/nand/built-in.o
 .text.nand_update_bbt
                0x00000000fff1de38      0x154 drivers/mtd/nand/built-in.o
 .text.mark_bbt_region
                0x00000000fff1df8c      0x1a0 drivers/mtd/nand/built-in.o
 .text.search_bbt
                0x00000000fff1e12c      0x190 drivers/mtd/nand/built-in.o
 .text.nand_scan_bbt
                0x00000000fff1e2bc      0x4e4 drivers/mtd/nand/built-in.o
                0x00000000fff1e2bc                nand_scan_bbt
 .text.nand_default_bbt
                0x00000000fff1e7a0       0xdc drivers/mtd/nand/built-in.o
                0x00000000fff1e7a0                nand_default_bbt
 .text.nand_isbad_bbt
                0x00000000fff1e87c       0x78 drivers/mtd/nand/built-in.o
                0x00000000fff1e87c                nand_isbad_bbt
 .text.nand_markbad_bbt
                0x00000000fff1e8f4       0x98 drivers/mtd/nand/built-in.o
                0x00000000fff1e8f4                nand_markbad_bbt
 .text.check_skip_len
                0x00000000fff1e98c       0xdc drivers/mtd/nand/built-in.o
 .text.nand_erase_opts
                0x00000000fff1ea68      0x3a0 drivers/mtd/nand/built-in.o
                0x00000000fff1ea68                nand_erase_opts
 .text.nand_write_skip_bad
                0x00000000fff1ee08      0x23c drivers/mtd/nand/built-in.o
                0x00000000fff1ee08                nand_write_skip_bad
 .text.nand_read_skip_bad
                0x00000000fff1f044      0x244 drivers/mtd/nand/built-in.o
                0x00000000fff1f044                nand_read_skip_bad
 .text.nand_calculate_ecc
                0x00000000fff1f288      0x110 drivers/mtd/nand/built-in.o
                0x00000000fff1f288                nand_calculate_ecc
 .text.nand_correct_data
                0x00000000fff1f398      0x12c drivers/mtd/nand/built-in.o
                0x00000000fff1f398                nand_correct_data
 .text.nand_release_device
                0x00000000fff1f4c4       0x30 drivers/mtd/nand/built-in.o
 .text.nand_read_byte
                0x00000000fff1f4f4       0x20 drivers/mtd/nand/built-in.o
                0x00000000fff1f4f4                nand_read_byte
 .text.nand_read_byte16
                0x00000000fff1f514       0x28 drivers/mtd/nand/built-in.o
 .text.nand_read_word
                0x00000000fff1f53c       0x20 drivers/mtd/nand/built-in.o
 .text.nand_write_byte
                0x00000000fff1f55c       0x3c drivers/mtd/nand/built-in.o
 .text.nand_write_byte16
                0x00000000fff1f598       0x3c drivers/mtd/nand/built-in.o
 .text.nand_write_buf
                0x00000000fff1f5d4       0x40 drivers/mtd/nand/built-in.o
                0x00000000fff1f5d4                nand_write_buf
 .text.nand_read_buf
                0x00000000fff1f614       0x48 drivers/mtd/nand/built-in.o
                0x00000000fff1f614                nand_read_buf
 .text.nand_write_buf16
                0x00000000fff1f65c       0x40 drivers/mtd/nand/built-in.o
                0x00000000fff1f65c                nand_write_buf16
 .text.nand_read_buf16
                0x00000000fff1f69c       0x48 drivers/mtd/nand/built-in.o
                0x00000000fff1f69c                nand_read_buf16
 .text.nand_check_wp
                0x00000000fff1f6e4       0x64 drivers/mtd/nand/built-in.o
 .text.nand_read_page_raw_syndrome
                0x00000000fff1f748       0xf8 drivers/mtd/nand/built-in.o
 .text.nand_read_page_swecc
                0x00000000fff1f840      0x124 drivers/mtd/nand/built-in.o
 .text.nand_read_subpage
                0x00000000fff1f964      0x2a4 drivers/mtd/nand/built-in.o
 .text.nand_read_page_hwecc
                0x00000000fff1fc08      0x158 drivers/mtd/nand/built-in.o
 .text.nand_read_page_hwecc_oob_first
                0x00000000fff1fd60      0x16c drivers/mtd/nand/built-in.o
 .text.nand_read_page_syndrome
                0x00000000fff1fecc      0x170 drivers/mtd/nand/built-in.o
 .text.nand_setup_read_retry
                0x00000000fff2003c       0x50 drivers/mtd/nand/built-in.o
 .text.nand_read_oob_std
                0x00000000fff2008c       0x54 drivers/mtd/nand/built-in.o
 .text.nand_read_oob_syndrome
                0x00000000fff200e0      0x118 drivers/mtd/nand/built-in.o
 .text.nand_write_oob_std
                0x00000000fff201f8       0x94 drivers/mtd/nand/built-in.o
 .text.nand_write_oob_syndrome
                0x00000000fff2028c      0x1a4 drivers/mtd/nand/built-in.o
 .text.nand_write_page_raw_syndrome
                0x00000000fff20430       0xf8 drivers/mtd/nand/built-in.o
 .text.nand_write_page_swecc
                0x00000000fff20528       0xb8 drivers/mtd/nand/built-in.o
 .text.nand_write_page_hwecc
                0x00000000fff205e0       0xdc drivers/mtd/nand/built-in.o
 .text.nand_write_page_syndrome
                0x00000000fff206bc      0x124 drivers/mtd/nand/built-in.o
 .text.single_erase_cmd
                0x00000000fff207e0       0x54 drivers/mtd/nand/built-in.o
 .text.nand_sync
                0x00000000fff20834       0x10 drivers/mtd/nand/built-in.o
 .text.nand_onfi_set_features
                0x00000000fff20844       0x7c drivers/mtd/nand/built-in.o
 .text.nand_set_defaults
                0x00000000fff208c0      0x1b8 drivers/mtd/nand/built-in.o
 .text.nand_block_checkbad
                0x00000000fff20a78       0x50 drivers/mtd/nand/built-in.o
 .text.nand_block_isbad
                0x00000000fff20ac8        0xc drivers/mtd/nand/built-in.o
 .text.nand_block_bad
                0x00000000fff20ad4      0x200 drivers/mtd/nand/built-in.o
 .text.nand_write_page
                0x00000000fff20cd4      0x15c drivers/mtd/nand/built-in.o
 .text.nand_onfi_get_features
                0x00000000fff20e30       0x8c drivers/mtd/nand/built-in.o
 .text.nand_write_subpage_hwecc
                0x00000000fff20ebc      0x174 drivers/mtd/nand/built-in.o
 .text.nand_fill_oob
                0x00000000fff21030      0x134 drivers/mtd/nand/built-in.o
 .text.nand_do_write_oob
                0x00000000fff21164      0x1f8 drivers/mtd/nand/built-in.o
 .text.nand_default_block_markbad
                0x00000000fff2135c       0xf4 drivers/mtd/nand/built-in.o
 .text.nand_do_write_ops
                0x00000000fff21450      0x350 drivers/mtd/nand/built-in.o
 .text.nand_write_oob
                0x00000000fff217a0       0xa0 drivers/mtd/nand/built-in.o
 .text.nand_write
                0x00000000fff21840       0x60 drivers/mtd/nand/built-in.o
 .text.nand_wait
                0x00000000fff218a0      0x104 drivers/mtd/nand/built-in.o
 .text.unlikely.sanitize_string
                0x00000000fff219a4       0x68 drivers/mtd/nand/built-in.o
 .text.nand_read_page_raw
                0x00000000fff21a0c       0x5c drivers/mtd/nand/built-in.o
 .text.nand_write_page_raw
                0x00000000fff21a68       0x5c drivers/mtd/nand/built-in.o
 .text.nand_select_chip
                0x00000000fff21ac4       0x68 drivers/mtd/nand/built-in.o
 .text.nand_transfer_oob
                0x00000000fff21b2c      0x120 drivers/mtd/nand/built-in.o
 .text.panic_nand_write
                0x00000000fff21c4c       0xd8 drivers/mtd/nand/built-in.o
 .text.nand_wait_ready
                0x00000000fff21d24       0x6c drivers/mtd/nand/built-in.o
                0x00000000fff21d24                nand_wait_ready
 .text.nand_command
                0x00000000fff21d90      0x258 drivers/mtd/nand/built-in.o
 .text.nand_command_lp
                0x00000000fff21fe8      0x2e0 drivers/mtd/nand/built-in.o
 .text.nand_do_read_ops
                0x00000000fff222c8      0x400 drivers/mtd/nand/built-in.o
 .text.nand_read_oob
                0x00000000fff226c8      0x2e0 drivers/mtd/nand/built-in.o
 .text.nand_read
                0x00000000fff229a8       0x60 drivers/mtd/nand/built-in.o
 .text.nand_erase_nand
                0x00000000fff22a08      0x2c4 drivers/mtd/nand/built-in.o
                0x00000000fff22a08                nand_erase_nand
 .text.nand_block_markbad
                0x00000000fff22ccc      0x120 drivers/mtd/nand/built-in.o
 .text.nand_erase
                0x00000000fff22dec       0x30 drivers/mtd/nand/built-in.o
 .text.nand_scan_ident
                0x00000000fff22e1c      0xafc drivers/mtd/nand/built-in.o
                0x00000000fff22e1c                nand_scan_ident
 .text.nand_scan_tail
                0x00000000fff23918      0x5e4 drivers/mtd/nand/built-in.o
                0x00000000fff23918                nand_scan_tail
 .text.nand_scan
                0x00000000fff23efc       0x44 drivers/mtd/nand/built-in.o
                0x00000000fff23efc                nand_scan
 .text.__mpc5121_nfc_select_chip
                0x00000000fff23f40       0xa8 drivers/mtd/nand/built-in.o
                0x00000000fff23f40                __mpc5121_nfc_select_chip
                0x00000000fff23f40                mpc5121_nfc_select_chip
 .text.mpc5121_nfc_dev_ready
                0x00000000fff23fe8        0x8 drivers/mtd/nand/built-in.o
 .text.mpc5121_nfc_buf_copy
                0x00000000fff23ff0      0x16c drivers/mtd/nand/built-in.o
 .text.mpc5121_nfc_write_buf
                0x00000000fff2415c        0x8 drivers/mtd/nand/built-in.o
 .text.mpc5121_nfc_read_buf
                0x00000000fff24164        0x8 drivers/mtd/nand/built-in.o
 .text.mpc5121_nfc_read_word
                0x00000000fff2416c       0x2c drivers/mtd/nand/built-in.o
 .text.mpc5121_nfc_read_byte
                0x00000000fff24198       0x2c drivers/mtd/nand/built-in.o
 .text.mpc5121_nfc_done.isra.0
                0x00000000fff241c4       0x74 drivers/mtd/nand/built-in.o
 .text.mpc5121_nfc_command
                0x00000000fff24238      0x384 drivers/mtd/nand/built-in.o
 .text.board_nand_init
                0x00000000fff245bc      0x340 drivers/mtd/nand/built-in.o
                0x00000000fff245bc                board_nand_init
 .text.fec512x_miiphy_read
                0x00000000fff248fc       0x94 drivers/net/built-in.o
                0x00000000fff248fc                fec512x_miiphy_read
 .text.fec512x_miiphy_write
                0x00000000fff24990       0x84 drivers/net/built-in.o
                0x00000000fff24990                fec512x_miiphy_write
 .text.mpc512x_fec_send
                0x00000000fff24a14      0x12c drivers/net/built-in.o
 .text.mpc512x_fec_halt
                0x00000000fff24b40       0xc8 drivers/net/built-in.o
 .text.mpc512x_fec_init_phy
                0x00000000fff24c08      0x1d4 drivers/net/built-in.o
                0x00000000fff24c08                mpc512x_fec_init_phy
 .text.mpc512x_fec_init
                0x00000000fff24ddc      0x2ac drivers/net/built-in.o
 .text.mpc512x_fec_recv
                0x00000000fff25088      0x1c4 drivers/net/built-in.o
 .text.mpc512x_fec_initialize
                0x00000000fff2524c      0x11c drivers/net/built-in.o
                0x00000000fff2524c                mpc512x_fec_initialize
 .text.serial_stub_start
                0x00000000fff25368       0x2c drivers/serial/built-in.o
 .text.serial_stub_stop
                0x00000000fff25394       0x2c drivers/serial/built-in.o
 .text.serial_stub_putc
                0x00000000fff253c0       0x30 drivers/serial/built-in.o
 .text.serial_stub_puts
                0x00000000fff253f0       0x30 drivers/serial/built-in.o
 .text.serial_stub_getc
                0x00000000fff25420       0x2c drivers/serial/built-in.o
                0x00000000fff25420                serial_stub_getc
 .text.serial_stub_tstc
                0x00000000fff2544c       0x2c drivers/serial/built-in.o
                0x00000000fff2544c                serial_stub_tstc
 .text.get_current
                0x00000000fff25478       0x58 drivers/serial/built-in.o
 .text.serial_null
                0x00000000fff254d0        0x4 drivers/serial/built-in.o
                0x00000000fff254d0                jz_serial_initialize
                0x00000000fff254d0                bfin_serial_initialize
                0x00000000fff254d0                p3mx_serial_initialize
                0x00000000fff254d0                leon2_serial_initialize
                0x00000000fff254d0                leon3_serial_initialize
                0x00000000fff254d0                amirix_serial_initialize
                0x00000000fff254d0                marvell_serial_initialize
                0x00000000fff254d0                cpci750_serial_initialize
                0x00000000fff254d0                ns16550_serial_initialize
                0x00000000fff254d0                asc_serial_initialize
                0x00000000fff254d0                altera_serial_initialize
                0x00000000fff254d0                sh_serial_initialize
                0x00000000fff254d0                oc_serial_initialize
                0x00000000fff254d0                mxs_auart_initialize
                0x00000000fff254d0                arm_dcc_initialize
                0x00000000fff254d0                bmw_serial_initialize
                0x00000000fff254d0                arc_serial_initialize
                0x00000000fff254d0                mcf_serial_initialize
                0x00000000fff254d0                lh7a40x_serial_initialize
                0x00000000fff254d0                evb64260_serial_initialize
                0x00000000fff254d0                lpc32xx_serial_initialize
                0x00000000fff254d0                max3100_serial_initialize
                0x00000000fff254d0                mpc85xx_serial_initialize
                0x00000000fff254d0                imx_serial_initialize
                0x00000000fff254d0                bfin_jtag_initialize
                0x00000000fff254d0                cogent_serial_initialize
                0x00000000fff254d0                clps7111_serial_initialize
                0x00000000fff254d0                ml2_serial_initialize
                0x00000000fff254d0                sandbox_serial_initialize
                0x00000000fff254d0                s3c24xx_serial_initialize
                0x00000000fff254d0                sconsole_serial_initialize
                0x00000000fff254d0                uartlite_serial_initialize
                0x00000000fff254d0                au1x00_serial_initialize
                0x00000000fff254d0                pxa_serial_initialize
                0x00000000fff254d0                atmel_serial_initialize
                0x00000000fff254d0                pl01x_serial_initialize
                0x00000000fff254d0                altera_jtag_serial_initialize
                0x00000000fff254d0                s5p_serial_initialize
                0x00000000fff254d0                zynq_serial_initialize
                0x00000000fff254d0                ks8695_serial_initialize
                0x00000000fff254d0                sa1100_serial_initialize
                0x00000000fff254d0                mpc8260_scc_serial_initialize
                0x00000000fff254d0                mxc_serial_initialize
                0x00000000fff254d0                iop480_serial_initialize
                0x00000000fff254d0                mpc8xx_serial_initialize
                0x00000000fff254d0                mpc8260_smc_serial_initialize
                0x00000000fff254d0                mpc5xx_serial_initialize
 .text.serial_register
                0x00000000fff254d4       0x3c drivers/serial/built-in.o
                0x00000000fff254d4                serial_register
 .text.serial_stdio_init
                0x00000000fff25510       0xa8 drivers/serial/built-in.o
                0x00000000fff25510                serial_stdio_init
 .text.serial_assign
                0x00000000fff255b8       0x68 drivers/serial/built-in.o
                0x00000000fff255b8                serial_assign
 .text.serial_initialize
                0x00000000fff25620       0xf0 drivers/serial/built-in.o
                0x00000000fff25620                serial_initialize
 .text.serial_init
                0x00000000fff25710       0x38 drivers/serial/built-in.o
                0x00000000fff25710                serial_init
 .text.serial_setbrg
                0x00000000fff25748       0x2c drivers/serial/built-in.o
                0x00000000fff25748                serial_setbrg
 .text.on_baudrate
                0x00000000fff25774      0x118 drivers/serial/built-in.o
 .text.serial_getc
                0x00000000fff2588c       0x2c drivers/serial/built-in.o
                0x00000000fff2588c                serial_getc
 .text.serial_tstc
                0x00000000fff258b8       0x2c drivers/serial/built-in.o
                0x00000000fff258b8                serial_tstc
 .text.serial_putc
                0x00000000fff258e4       0x30 drivers/serial/built-in.o
                0x00000000fff258e4                serial_putc
 .text.serial_puts
                0x00000000fff25914       0x30 drivers/serial/built-in.o
                0x00000000fff25914                serial_puts
 .text.fs_probe_unsupported
                0x00000000fff25944       0x34 fs/built-in.o
 .text.fs_exists_unsupported
                0x00000000fff25978        0x8 fs/built-in.o
 .text.fs_size_unsupported
                0x00000000fff25980        0x8 fs/built-in.o
 .text.fs_write_unsupported
                0x00000000fff25988        0x8 fs/built-in.o
 .text.fs_close_unsupported
                0x00000000fff25990        0x4 fs/built-in.o
 .text.fs_get_info
                0x00000000fff25994       0x48 fs/built-in.o
 .text.fs_close
                0x00000000fff259dc       0x48 fs/built-in.o
 .text.fs_read_unsupported
                0x00000000fff25a24        0x8 fs/built-in.o
 .text.fs_ls_unsupported
                0x00000000fff25a2c        0x8 fs/built-in.o
 .text.fs_set_blk_dev
                0x00000000fff25a34       0xdc fs/built-in.o
                0x00000000fff25a34                fs_set_blk_dev
 .text.fs_ls    0x00000000fff25b10       0x5c fs/built-in.o
                0x00000000fff25b10                fs_ls
 .text.fs_exists
                0x00000000fff25b6c       0x54 fs/built-in.o
                0x00000000fff25b6c                fs_exists
 .text.fs_size  0x00000000fff25bc0       0x54 fs/built-in.o
                0x00000000fff25bc0                fs_size
 .text.fs_read  0x00000000fff25c14       0x90 fs/built-in.o
                0x00000000fff25c14                fs_read
 .text.do_size  0x00000000fff25ca4       0x74 fs/built-in.o
                0x00000000fff25ca4                do_size
 .text.do_load  0x00000000fff25d18      0x1d4 fs/built-in.o
                0x00000000fff25d18                do_load
 .text.do_ls    0x00000000fff25eec       0x94 fs/built-in.o
                0x00000000fff25eec                do_ls
 .text.file_exists
                0x00000000fff25f80       0x4c fs/built-in.o
                0x00000000fff25f80                file_exists
 .text.___arch__swab32
                0x00000000fff25fcc       0x1c fs/built-in.o
 .text.downcase
                0x00000000fff25fe8       0x5c fs/built-in.o
 .text.disk_read
                0x00000000fff26044       0x78 fs/built-in.o
 .text.mkcksum  0x00000000fff260bc       0x58 fs/built-in.o
 .text.get_fatent
                0x00000000fff26114      0x1b0 fs/built-in.o
 .text.get_cluster
                0x00000000fff262c4      0x1ac fs/built-in.o
 .text.get_name
                0x00000000fff26470       0xe0 fs/built-in.o
 .text.read_bootsectandvi
                0x00000000fff26550      0x1c8 fs/built-in.o
 .text.slot2str
                0x00000000fff26718       0xb8 fs/built-in.o
 .text.get_vfatname
                0x00000000fff267d0      0x1f8 fs/built-in.o
 .text.fat_set_blk_dev
                0x00000000fff269c8       0xd4 fs/built-in.o
                0x00000000fff269c8                fat_set_blk_dev
 .text.do_fat_read_at
                0x00000000fff26a9c      0xbd4 fs/built-in.o
                0x00000000fff26a9c                do_fat_read_at
 .text.do_fat_read
                0x00000000fff27670       0x40 fs/built-in.o
                0x00000000fff27670                do_fat_read
 .text.file_fat_detectfs
                0x00000000fff276b0       0x94 fs/built-in.o
                0x00000000fff276b0                file_fat_detectfs
 .text.file_fat_ls
                0x00000000fff27744       0x38 fs/built-in.o
                0x00000000fff27744                file_fat_ls
 .text.fat_exists
                0x00000000fff2777c       0x48 fs/built-in.o
                0x00000000fff2777c                fat_exists
 .text.fat_size
                0x00000000fff277c4       0x40 fs/built-in.o
                0x00000000fff277c4                fat_size
 .text.file_fat_read_at
                0x00000000fff27804       0x60 fs/built-in.o
                0x00000000fff27804                file_fat_read_at
 .text.file_fat_read
                0x00000000fff27864       0x38 fs/built-in.o
                0x00000000fff27864                file_fat_read
 .text.fat_read_file
                0x00000000fff2789c       0x58 fs/built-in.o
                0x00000000fff2789c                fat_read_file
 .text.fat_close
                0x00000000fff278f4        0x4 fs/built-in.o
                0x00000000fff278f4                fat_close
 .text.rtime_decompress
                0x00000000fff278f8       0xcc fs/built-in.o
                0x00000000fff278f8                rtime_decompress
 .text.rubin_do_decompress
                0x00000000fff279c4       0xe0 fs/built-in.o
                0x00000000fff279c4                rubin_do_decompress
 .text.dynrubin_decompress
                0x00000000fff27aa4       0x5c fs/built-in.o
                0x00000000fff27aa4                dynrubin_decompress
 .text.zlib_decompress
                0x00000000fff27b00       0x3c fs/built-in.o
                0x00000000fff27b00                zlib_decompress
 .text.jffs2_1pass_find_inode
                0x00000000fff27b3c      0x17c fs/built-in.o
 .text.jffs2_1pass_search_inode
                0x00000000fff27cb8      0x144 fs/built-in.o
 .text.insert_node
                0x00000000fff27dfc       0xd4 fs/built-in.o
 .text.jffs2_free_cache
                0x00000000fff27ed0       0x7c fs/built-in.o
                0x00000000fff27ed0                jffs2_free_cache
 .text.mkmodestr
                0x00000000fff27f4c      0x16c fs/built-in.o
                0x00000000fff27f4c                mkmodestr
 .text.jffs2_1pass_search_list_inodes.constprop.3
                0x00000000fff280b8      0x588 fs/built-in.o
 .text.jffs2_1pass_rescan_needed
                0x00000000fff28640       0xd0 fs/built-in.o
                0x00000000fff28640                jffs2_1pass_rescan_needed
 .text.jffs2_get_list
                0x00000000fff28710      0x66c fs/built-in.o
 .text.jffs2_1pass_ls
                0x00000000fff28d7c       0x64 fs/built-in.o
                0x00000000fff28d7c                jffs2_1pass_ls
 .text.jffs2_1pass_load
                0x00000000fff28de0      0x474 fs/built-in.o
                0x00000000fff28de0                jffs2_1pass_load
 .text.jffs2_1pass_info
                0x00000000fff29254      0x154 fs/built-in.o
                0x00000000fff29254                jffs2_1pass_info
 .text.fill_code_tables
                0x00000000fff293a8       0xd8 fs/built-in.o
 .text.cramfs_memset
                0x00000000fff29480       0x2c fs/built-in.o
                0x00000000fff29480                cramfs_memset
 .text.init_code_tables
                0x00000000fff294ac       0x54 fs/built-in.o
 .text.pull_bits
                0x00000000fff29500       0x64 fs/built-in.o
                0x00000000fff29500                pull_bits
 .text.pull_bit
                0x00000000fff29564       0x40 fs/built-in.o
                0x00000000fff29564                pull_bit
 .text.read_symbol
                0x00000000fff295a4       0x9c fs/built-in.o
 .text.decompress_huffman
                0x00000000fff29640      0x160 fs/built-in.o
 .text.decompress_block
                0x00000000fff297a0      0x5c0 fs/built-in.o
                0x00000000fff297a0                decompress_block
 .text.zcalloc  0x00000000fff29d60       0x30 lib/built-in.o
                0x00000000fff29d60                zcalloc
 .text.zcfree   0x00000000fff29d90       0x30 lib/built-in.o
                0x00000000fff29d90                zcfree
 .text.inflate_fast
                0x00000000fff29dc0      0x4f4 lib/built-in.o
                0x00000000fff29dc0                inflate_fast
 .text.inflate_table
                0x00000000fff2a2b4      0x4d8 lib/built-in.o
                0x00000000fff2a2b4                inflate_table
 .text.inflateReset
                0x00000000fff2a78c       0x84 lib/built-in.o
                0x00000000fff2a78c                inflateReset
 .text.inflateInit2_
                0x00000000fff2a810      0x13c lib/built-in.o
                0x00000000fff2a810                inflateInit2_
 .text.inflateEnd
                0x00000000fff2a94c       0x84 lib/built-in.o
                0x00000000fff2a94c                inflateEnd
 .text.adler32  0x00000000fff2a9d0      0x30c lib/built-in.o
                0x00000000fff2a9d0                adler32
 .text.inflate  0x00000000fff2acdc     0x16f8 lib/built-in.o
                0x00000000fff2acdc                inflate
 .text.cyg_crc16
                0x00000000fff2c3d4       0x80 lib/built-in.o
                0x00000000fff2c3d4                cyg_crc16
 .text.gzalloc  0x00000000fff2c454       0x38 lib/built-in.o
                0x00000000fff2c454                gzalloc
 .text.gzfree   0x00000000fff2c48c       0x30 lib/built-in.o
                0x00000000fff2c48c                gzfree
 .text.zunzip   0x00000000fff2c4bc      0x124 lib/built-in.o
                0x00000000fff2c4bc                zunzip
 .text.gunzip   0x00000000fff2c5e0       0xe0 lib/built-in.o
                0x00000000fff2c5e0                gunzip
 .text.initcall_run_list
                0x00000000fff2c6c0       0x88 lib/built-in.o
                0x00000000fff2c6c0                initcall_run_list
 .text.lmb_add_region
                0x00000000fff2c748      0x1d8 lib/built-in.o
 .text.lmb_init
                0x00000000fff2c920       0x2c lib/built-in.o
                0x00000000fff2c920                lmb_init
 .text.lmb_add  0x00000000fff2c94c        0x4 lib/built-in.o
                0x00000000fff2c94c                lmb_add
 .text.lmb_free
                0x00000000fff2c950      0x104 lib/built-in.o
                0x00000000fff2c950                lmb_free
 .text.lmb_reserve
                0x00000000fff2ca54        0x8 lib/built-in.o
                0x00000000fff2ca54                lmb_reserve
 .text.__lmb_alloc_base
                0x00000000fff2ca5c      0x13c lib/built-in.o
                0x00000000fff2ca5c                __lmb_alloc_base
 .text.lmb_alloc_base
                0x00000000fff2cb98       0x50 lib/built-in.o
                0x00000000fff2cb98                lmb_alloc_base
 .text.lmb_alloc
                0x00000000fff2cbe8       0x30 lib/built-in.o
                0x00000000fff2cbe8                lmb_alloc
 .text.board_lmb_reserve
                0x00000000fff2cc18        0x4 lib/built-in.o
                0x00000000fff2cc18                board_lmb_reserve
 .text.string_to_ip
                0x00000000fff2cc1c       0xa0 lib/built-in.o
                0x00000000fff2cc1c                string_to_ip
 .text.qsort    0x00000000fff2ccbc       0xdc lib/built-in.o
                0x00000000fff2ccbc                qsort
 .text.strmhz   0x00000000fff2cd98       0x78 lib/built-in.o
                0x00000000fff2cd98                strmhz
 .text.cmpkey   0x00000000fff2ce10       0x3c lib/built-in.o
 .text._hdelete.isra.0
                0x00000000fff2ce4c       0x6c lib/built-in.o
 .text.drop_var_from_set.part.1
                0x00000000fff2ceb8       0x74 lib/built-in.o
 .text.match_string.isra.2
                0x00000000fff2cf2c       0x7c lib/built-in.o
 .text.hcreate_r